Archive member included to satisfy reference by file (symbol)

/home/mathew/Documents/MCUXpresso_10.3.1_2233/workspace/lpc_board_nxp_lpcxpresso_1769/Debug/liblpc_board_nxp_lpcxpresso_1769.a(board.o)
                              ./src/Test.o (Board_LED_Set)
/home/mathew/Documents/MCUXpresso_10.3.1_2233/workspace/lpc_board_nxp_lpcxpresso_1769/Debug/liblpc_board_nxp_lpcxpresso_1769.a(board_sysinit.o)
                              ./src/sysinit.o (Board_SystemInit)
/home/mathew/Documents/MCUXpresso_10.3.1_2233/workspace/lpc_chip_175x_6x/Debug/liblpc_chip_175x_6x.a(chip_17xx_40xx.o)
                              ./src/Test.o (SystemCoreClockUpdate)
/home/mathew/Documents/MCUXpresso_10.3.1_2233/workspace/lpc_chip_175x_6x/Debug/liblpc_chip_175x_6x.a(clock_17xx_40xx.o)
                              /home/mathew/Documents/MCUXpresso_10.3.1_2233/workspace/lpc_chip_175x_6x/Debug/liblpc_chip_175x_6x.a(chip_17xx_40xx.o) (Chip_Clock_EnablePLL)
/home/mathew/Documents/MCUXpresso_10.3.1_2233/workspace/lpc_chip_175x_6x/Debug/liblpc_chip_175x_6x.a(i2s_17xx_40xx.o)
                              /home/mathew/Documents/MCUXpresso_10.3.1_2233/workspace/lpc_board_nxp_lpcxpresso_1769/Debug/liblpc_board_nxp_lpcxpresso_1769.a(board.o) (Chip_I2S_Init)
/home/mathew/Documents/MCUXpresso_10.3.1_2233/workspace/lpc_chip_175x_6x/Debug/liblpc_chip_175x_6x.a(iocon_17xx_40xx.o)
                              /home/mathew/Documents/MCUXpresso_10.3.1_2233/workspace/lpc_board_nxp_lpcxpresso_1769/Debug/liblpc_board_nxp_lpcxpresso_1769.a(board.o) (Chip_IOCON_PinMux)
/home/mathew/Documents/MCUXpresso_10.3.1_2233/workspace/lpc_chip_175x_6x/Debug/liblpc_chip_175x_6x.a(sysinit_17xx_40xx.o)
                              /home/mathew/Documents/MCUXpresso_10.3.1_2233/workspace/lpc_board_nxp_lpcxpresso_1769/Debug/liblpc_board_nxp_lpcxpresso_1769.a(board_sysinit.o) (Chip_SetupXtalClocking)
/home/mathew/Documents/MCUXpresso_10.3.1_2233/workspace/lpc_chip_175x_6x/Debug/liblpc_chip_175x_6x.a(uart_17xx_40xx.o)
                              /home/mathew/Documents/MCUXpresso_10.3.1_2233/workspace/lpc_board_nxp_lpcxpresso_1769/Debug/liblpc_board_nxp_lpcxpresso_1769.a(board.o) (Chip_UART_Init)
/home/mathew/Documents/MCUXpresso_10.3.1_2233/workspace/lpc_chip_175x_6x/Debug/liblpc_chip_175x_6x.a(ring_buffer.o)
                              /home/mathew/Documents/MCUXpresso_10.3.1_2233/workspace/lpc_chip_175x_6x/Debug/liblpc_chip_175x_6x.a(uart_17xx_40xx.o) (RingBuffer_Insert)
/usr/local/mcuxpressoide-10.3.1_2233/ide/plugins/com.nxp.mcuxpresso.tools.linux_10.3.0.201811011841/tools/bin/../lib/gcc/arm-none-eabi/7.3.1/../../../../arm-none-eabi/lib/thumb/v7-m/libcr_c.a(memcpy.o)
                              /home/mathew/Documents/MCUXpresso_10.3.1_2233/workspace/lpc_board_nxp_lpcxpresso_1769/Debug/liblpc_board_nxp_lpcxpresso_1769.a(board.o) (memcpy)
/usr/local/mcuxpressoide-10.3.1_2233/ide/plugins/com.nxp.mcuxpresso.tools.linux_10.3.0.201811011841/tools/bin/../lib/gcc/arm-none-eabi/7.3.1/../../../../arm-none-eabi/lib/thumb/v7-m/libcr_c.a(__weak__main.o)
                              ./src/cr_startup_lpc175x_6x.o (__main)
/usr/local/mcuxpressoide-10.3.1_2233/ide/plugins/com.nxp.mcuxpresso.tools.linux_10.3.0.201811011841/tools/bin/../lib/gcc/arm-none-eabi/7.3.1/thumb/v7-m/libcr_eabihelpers.a(division_64.o)
                              /home/mathew/Documents/MCUXpresso_10.3.1_2233/workspace/lpc_chip_175x_6x/Debug/liblpc_chip_175x_6x.a(i2s_17xx_40xx.o) (__aeabi_uldivmod)
/usr/local/mcuxpressoide-10.3.1_2233/ide/plugins/com.nxp.mcuxpresso.tools.linux_10.3.0.201811011841/tools/bin/../lib/gcc/arm-none-eabi/7.3.1/thumb/v7-m/libcr_eabihelpers.a(division_idiv0.o)
                              /usr/local/mcuxpressoide-10.3.1_2233/ide/plugins/com.nxp.mcuxpresso.tools.linux_10.3.0.201811011841/tools/bin/../lib/gcc/arm-none-eabi/7.3.1/thumb/v7-m/libcr_eabihelpers.a(division_64.o) (__aeabi_idiv0)
/usr/local/mcuxpressoide-10.3.1_2233/ide/plugins/com.nxp.mcuxpresso.tools.linux_10.3.0.201811011841/tools/bin/../lib/gcc/arm-none-eabi/7.3.1/thumb/v7-m/libcr_eabihelpers.a(memcpy.o)
                              /usr/local/mcuxpressoide-10.3.1_2233/ide/plugins/com.nxp.mcuxpresso.tools.linux_10.3.0.201811011841/tools/bin/../lib/gcc/arm-none-eabi/7.3.1/../../../../arm-none-eabi/lib/thumb/v7-m/libcr_c.a(memcpy.o) (__aeabi_memcpy)

Allocating common symbols
Common symbol       size              file

SystemCoreClock     0x4               /home/mathew/Documents/MCUXpresso_10.3.1_2233/workspace/lpc_chip_175x_6x/Debug/liblpc_chip_175x_6x.a(chip_17xx_40xx.o)

Discarded input sections

 .group         0x0000000000000000        0xc ./src/Test.o
 .group         0x0000000000000000        0xc ./src/Test.o
 .group         0x0000000000000000        0xc ./src/Test.o
 .group         0x0000000000000000        0xc ./src/Test.o
 .group         0x0000000000000000        0xc ./src/Test.o
 .group         0x0000000000000000        0xc ./src/Test.o
 .group         0x0000000000000000        0xc ./src/Test.o
[...]
Memory Configuration

Name             Origin             Length             Attributes
MFlash512        0x0000000000000000 0x0000000000080000 xr
RamLoc32         0x0000000010000000 0x0000000000008000 xrw
RamAHB32         0x000000002007c000 0x0000000000008000 xrw
*default*        0x0000000000000000 0xffffffffffffffff

Linker script and memory map

LOAD ./src/Test.o
LOAD ./src/cr_startup_lpc175x_6x.o
LOAD ./src/crp.o
LOAD ./src/sysinit.o
LOAD /home/mathew/Documents/MCUXpresso_10.3.1_2233/workspace/lpc_board_nxp_lpcxpresso_1769/Debug/liblpc_board_nxp_lpcxpresso_1769.a
LOAD /home/mathew/Documents/MCUXpresso_10.3.1_2233/workspace/lpc_chip_175x_6x/Debug/liblpc_chip_175x_6x.a
START GROUP
LOAD /usr/local/mcuxpressoide-10.3.1_2233/ide/plugins/com.nxp.mcuxpresso.tools.linux_10.3.0.201811011841/tools/bin/../lib/gcc/arm-none-eabi/7.3.1/../../../../arm-none-eabi/lib/thumb/v7-m/libcr_c.a
LOAD /usr/local/mcuxpressoide-10.3.1_2233/ide/plugins/com.nxp.mcuxpresso.tools.linux_10.3.0.201811011841/tools/bin/../lib/gcc/arm-none-eabi/7.3.1/thumb/v7-m/libcr_eabihelpers.a
LOAD /usr/local/mcuxpressoide-10.3.1_2233/ide/plugins/com.nxp.mcuxpresso.tools.linux_10.3.0.201811011841/tools/bin/../lib/gcc/arm-none-eabi/7.3.1/thumb/v7-m/libgcc.a
END GROUP
                0x0000000000000000                __base_MFlash512 = 0x0
                0x0000000000000000                __base_Flash = 0x0
                0x0000000000080000                __top_MFlash512 = 0x80000
                0x0000000000080000                __top_Flash = 0x80000
                0x0000000010000000                __base_RamLoc32 = 0x10000000
                0x0000000010000000                __base_RAM = 0x10000000
                0x0000000010008000                __top_RamLoc32 = 0x10008000
                0x0000000010008000                __top_RAM = 0x10008000
                0x000000002007c000                __base_RamAHB32 = 0x2007c000
                0x000000002007c000                __base_RAM2 = 0x2007c000
                0x0000000020084000                __top_RamAHB32 = 0x20084000
                0x0000000020084000                __top_RAM2 = 0x20084000

.text           0x0000000000000000     0x11c0
 FILL mask 0xff
                0x0000000000000000                __vectors_start__ = ABSOLUTE (.)
 *(.isr_vector)
 .isr_vector    0x0000000000000000       0xcc ./src/cr_startup_lpc175x_6x.o
                0x0000000000000000                g_pfnVectors
                0x00000000000000cc                . = ALIGN (0x4)
                0x00000000000000cc                __section_table_start = .
                0x00000000000000cc                __data_section_table = .
                0x00000000000000cc        0x4 LONG 0x11c0 LOADADDR (.data)
                0x00000000000000d0        0x4 LONG 0x10000000 ADDR (.data)
                0x00000000000000d4        0x4 LONG 0x0 SIZEOF (.data)
                0x00000000000000d8        0x4 LONG 0x11c0 LOADADDR (.data_RAM2)
                0x00000000000000dc        0x4 LONG 0x2007c000 ADDR (.data_RAM2)
                0x00000000000000e0        0x4 LONG 0x0 SIZEOF (.data_RAM2)
                0x00000000000000e4                __data_section_table_end = .
                0x00000000000000e4                __bss_section_table = .
                0x00000000000000e4        0x4 LONG 0x10000000 ADDR (.bss)
                0x00000000000000e8        0x4 LONG 0x4 SIZEOF (.bss)
                0x00000000000000ec        0x4 LONG 0x2007c000 ADDR (.bss_RAM2)
                0x00000000000000f0        0x4 LONG 0x0 SIZEOF (.bss_RAM2)
                0x00000000000000f4                __bss_section_table_end = .
                0x00000000000000f4                __section_table_end = .
 *(.after_vectors*)
 .after_vectors
                0x00000000000000f4      0x12c ./src/cr_startup_lpc175x_6x.o
                0x00000000000000f4                data_init
                0x0000000000000136                bss_init
                0x000000000000016c                ResetISR
                0x00000000000001e4                NMI_Handler
                0x00000000000001ea                HardFault_Handler
                0x00000000000001f0                MemManage_Handler
                0x00000000000001f6                BusFault_Handler
                0x00000000000001fc                UsageFault_Handler
                0x0000000000000202                SVC_Handler
                0x0000000000000208                DebugMon_Handler
                0x000000000000020e                PendSV_Handler
                0x0000000000000214                SysTick_Handler
                0x000000000000021a                TIMER2_IRQHandler
                0x000000000000021a                RIT_IRQHandler
                0x000000000000021a                I2C0_IRQHandler
                0x000000000000021a                USBActivity_IRQHandler
                0x000000000000021a                PWM1_IRQHandler
                0x000000000000021a                I2C1_IRQHandler
                0x000000000000021a                EINT2_IRQHandler
                0x000000000000021a                UART1_IRQHandler
                0x000000000000021a                EINT3_IRQHandler
                0x000000000000021a                CANActivity_IRQHandler
                0x000000000000021a                TIMER3_IRQHandler
                0x000000000000021a                UART0_IRQHandler
                0x000000000000021a                IntDefaultHandler
                0x000000000000021a                PLL0_IRQHandler
                0x000000000000021a                CAN_IRQHandler
                0x000000000000021a                PLL1_IRQHandler
                0x000000000000021a                SSP0_IRQHandler
                0x000000000000021a                I2S_IRQHandler
                0x000000000000021a                I2C2_IRQHandler
                0x000000000000021a                RTC_IRQHandler
                0x000000000000021a                TIMER0_IRQHandler
                0x000000000000021a                SPI_IRQHandler
                0x000000000000021a                EINT1_IRQHandler
                0x000000000000021a                TIMER1_IRQHandler
                0x000000000000021a                UART2_IRQHandler
                0x000000000000021a                ADC_IRQHandler
                0x000000000000021a                SSP1_IRQHandler
                0x000000000000021a                USB_IRQHandler
                0x000000000000021a                BOD_IRQHandler
                0x000000000000021a                WDT_IRQHandler
                0x000000000000021a                QEI_IRQHandler
                0x000000000000021a                EINT0_IRQHandler
                0x000000000000021a                ETH_IRQHandler
                0x000000000000021a                DMA_IRQHandler
                0x000000000000021a                UART3_IRQHandler
                0x000000000000021a                MCPWM_IRQHandler
                0x00000000000002fc                . = 0x2fc
 *fill*         0x0000000000000220       0xdc ff
                0x00000000000002fc                PROVIDE (__CRP_WORD_START__ = .)
 *(.crp)
 .crp           0x00000000000002fc        0x4 ./src/crp.o
                0x00000000000002fc                CRP_WORD
                0x0000000000000300                PROVIDE (__CRP_WORD_END__ = .)
                0x0000000000000001                ASSERT (! ((__CRP_WORD_START__ == __CRP_WORD_END__)), Linker CRP Enabled, but no CRP_WORD provided within application)
 *(.text*)
 .text.Chip_GPIO_SetPinState
                0x0000000000000300       0x64 ./src/Test.o
 .text.Chip_GPIO_WritePortBit
                0x0000000000000364       0x2c ./src/Test.o
 .text.Chip_GPIO_SetPinDIROutput
                0x0000000000000390       0x36 ./src/Test.o
 .text.Chip_GPIO_SetPinDIRInput
                0x00000000000003c6       0x3a ./src/Test.o
 .text.Chip_GPIO_SetPinDIR
                0x0000000000000400       0x42 ./src/Test.o
 .text.Chip_GPIO_WriteDirBit
                0x0000000000000442       0x2e ./src/Test.o
 .text.dot      0x0000000000000470       0x60 ./src/Test.o
                0x0000000000000470                dot
 .text.main     0x00000000000004d0       0xc4 ./src/Test.o
                0x00000000000004d0                main
 .text.SystemInit
                0x0000000000000594       0x24 ./src/sysinit.o
                0x0000000000000594                SystemInit
 .text.Chip_IOCON_Init
                0x00000000000005b8       0x16 /home/mathew/Documents/MCUXpresso_10.3.1_2233/workspace/lpc_board_nxp_lpcxpresso_1769/Debug/liblpc_board_nxp_lpcxpresso_1769.a(board.o)
 .text.Chip_GPIO_Init
                0x00000000000005ce       0x16 /home/mathew/Documents/MCUXpresso_10.3.1_2233/workspace/lpc_board_nxp_lpcxpresso_1769/Debug/liblpc_board_nxp_lpcxpresso_1769.a(board.o)
 .text.Chip_GPIO_SetPinState
                0x00000000000005e4       0x64 /home/mathew/Documents/MCUXpresso_10.3.1_2233/workspace/lpc_board_nxp_lpcxpresso_1769/Debug/liblpc_board_nxp_lpcxpresso_1769.a(board.o)
 .text.Chip_GPIO_WritePortBit
                0x0000000000000648       0x2c /home/mathew/Documents/MCUXpresso_10.3.1_2233/workspace/lpc_board_nxp_lpcxpresso_1769/Debug/liblpc_board_nxp_lpcxpresso_1769.a(board.o)
 .text.Chip_GPIO_SetPinDIROutput
                0x0000000000000674       0x36 /home/mathew/Documents/MCUXpresso_10.3.1_2233/workspace/lpc_board_nxp_lpcxpresso_1769/Debug/liblpc_board_nxp_lpcxpresso_1769.a(board.o)
 .text.Chip_GPIO_SetPinDIRInput
                0x00000000000006aa       0x3a /home/mathew/Documents/MCUXpresso_10.3.1_2233/workspace/lpc_board_nxp_lpcxpresso_1769/Debug/liblpc_board_nxp_lpcxpresso_1769.a(board.o)
 .text.Chip_GPIO_SetPinDIR
                0x00000000000006e4       0x42 /home/mathew/Documents/MCUXpresso_10.3.1_2233/workspace/lpc_board_nxp_lpcxpresso_1769/Debug/liblpc_board_nxp_lpcxpresso_1769.a(board.o)
 .text.Chip_GPIO_WriteDirBit
                0x0000000000000726       0x2e /home/mathew/Documents/MCUXpresso_10.3.1_2233/workspace/lpc_board_nxp_lpcxpresso_1769/Debug/liblpc_board_nxp_lpcxpresso_1769.a(board.o)
 .text.Chip_UART_ConfigData
                0x0000000000000754       0x1a /home/mathew/Documents/MCUXpresso_10.3.1_2233/workspace/lpc_board_nxp_lpcxpresso_1769/Debug/liblpc_board_nxp_lpcxpresso_1769.a(board.o)
 *fill*         0x000000000000076e        0x2 ff
 .text.Board_LED_Init
                0x0000000000000770       0x18 /home/mathew/Documents/MCUXpresso_10.3.1_2233/workspace/lpc_board_nxp_lpcxpresso_1769/Debug/liblpc_board_nxp_lpcxpresso_1769.a(board.o)
 .text.Board_UART_Init
                0x0000000000000788       0x12 /home/mathew/Documents/MCUXpresso_10.3.1_2233/workspace/lpc_board_nxp_lpcxpresso_1769/Debug/liblpc_board_nxp_lpcxpresso_1769.a(board.o)
                0x0000000000000788                Board_UART_Init
 *fill*         0x000000000000079a        0x2 ff
 .text.Board_Debug_Init
                0x000000000000079c       0x30 /home/mathew/Documents/MCUXpresso_10.3.1_2233/workspace/lpc_board_nxp_lpcxpresso_1769/Debug/liblpc_board_nxp_lpcxpresso_1769.a(board.o)
                0x000000000000079c                Board_Debug_Init
 .text.Board_LED_Set
                0x00000000000007cc       0x30 /home/mathew/Documents/MCUXpresso_10.3.1_2233/workspace/lpc_board_nxp_lpcxpresso_1769/Debug/liblpc_board_nxp_lpcxpresso_1769.a(board.o)
                0x00000000000007cc                Board_LED_Set
 .text.Board_Init
                0x00000000000007fc       0x24 /home/mathew/Documents/MCUXpresso_10.3.1_2233/workspace/lpc_board_nxp_lpcxpresso_1769/Debug/liblpc_board_nxp_lpcxpresso_1769.a(board.o)
                0x00000000000007fc                Board_Init
 .text.Chip_SYSCTL_SetFLASHAccess
                0x0000000000000820       0x30 /home/mathew/Documents/MCUXpresso_10.3.1_2233/workspace/lpc_board_nxp_lpcxpresso_1769/Debug/liblpc_board_nxp_lpcxpresso_1769.a(board_sysinit.o)
 .text.Board_SetupMuxing
                0x0000000000000850       0x1c /home/mathew/Documents/MCUXpresso_10.3.1_2233/workspace/lpc_board_nxp_lpcxpresso_1769/Debug/liblpc_board_nxp_lpcxpresso_1769.a(board_sysinit.o)
                0x0000000000000850                Board_SetupMuxing
 .text.Board_SetupClocking
                0x000000000000086c       0x12 /home/mathew/Documents/MCUXpresso_10.3.1_2233/workspace/lpc_board_nxp_lpcxpresso_1769/Debug/liblpc_board_nxp_lpcxpresso_1769.a(board_sysinit.o)
                0x000000000000086c                Board_SetupClocking
 .text.Board_SystemInit
                0x000000000000087e       0x10 /home/mathew/Documents/MCUXpresso_10.3.1_2233/workspace/lpc_board_nxp_lpcxpresso_1769/Debug/liblpc_board_nxp_lpcxpresso_1769.a(board_sysinit.o)
                0x000000000000087e                Board_SystemInit
 *fill*         0x000000000000088e        0x2 ff
 .text.SystemCoreClockUpdate
                0x0000000000000890       0x18 /home/mathew/Documents/MCUXpresso_10.3.1_2233/workspace/lpc_chip_175x_6x/Debug/liblpc_chip_175x_6x.a(chip_17xx_40xx.o)
                0x0000000000000890                SystemCoreClockUpdate
 .text.Chip_Clock_IsMainPLLEnabled
                0x00000000000008a8       0x24 /home/mathew/Documents/MCUXpresso_10.3.1_2233/workspace/lpc_chip_175x_6x/Debug/liblpc_chip_175x_6x.a(clock_17xx_40xx.o)
 .text.Chip_Clock_IsMainPLLConnected
                0x00000000000008cc       0x24 /home/mathew/Documents/MCUXpresso_10.3.1_2233/workspace/lpc_chip_175x_6x/Debug/liblpc_chip_175x_6x.a(clock_17xx_40xx.o)
 .text.Chip_Clock_FeedPLL
                0x00000000000008f0       0x34 /home/mathew/Documents/MCUXpresso_10.3.1_2233/workspace/lpc_chip_175x_6x/Debug/liblpc_chip_175x_6x.a(clock_17xx_40xx.o)
 .text.Chip_Clock_GetMainPLLSource
                0x0000000000000924       0x20 /home/mathew/Documents/MCUXpresso_10.3.1_2233/workspace/lpc_chip_175x_6x/Debug/liblpc_chip_175x_6x.a(clock_17xx_40xx.o)
 .text.Chip_Clock_GetMainOscRate
                0x0000000000000944       0x14 /home/mathew/Documents/MCUXpresso_10.3.1_2233/workspace/lpc_chip_175x_6x/Debug/liblpc_chip_175x_6x.a(clock_17xx_40xx.o)
 .text.Chip_Clock_GetIntOscRate
                0x0000000000000958       0x14 /home/mathew/Documents/MCUXpresso_10.3.1_2233/workspace/lpc_chip_175x_6x/Debug/liblpc_chip_175x_6x.a(clock_17xx_40xx.o)
 .text.Chip_Clock_GetRTCOscRate
                0x000000000000096c       0x14 /home/mathew/Documents/MCUXpresso_10.3.1_2233/workspace/lpc_chip_175x_6x/Debug/liblpc_chip_175x_6x.a(clock_17xx_40xx.o)
 .text.Chip_Clock_GetMainPLLInClockRate
                0x0000000000000980        0xe /home/mathew/Documents/MCUXpresso_10.3.1_2233/workspace/lpc_chip_175x_6x/Debug/liblpc_chip_175x_6x.a(clock_17xx_40xx.o)
 *fill*         0x000000000000098e        0x2 ff
 .text.Chip_Clock_EnablePLL
                0x0000000000000990       0x44 /home/mathew/Documents/MCUXpresso_10.3.1_2233/workspace/lpc_chip_175x_6x/Debug/liblpc_chip_175x_6x.a(clock_17xx_40xx.o)
                0x0000000000000990                Chip_Clock_EnablePLL
 .text.Chip_Clock_DisablePLL
                0x00000000000009d4       0x48 /home/mathew/Documents/MCUXpresso_10.3.1_2233/workspace/lpc_chip_175x_6x/Debug/liblpc_chip_175x_6x.a(clock_17xx_40xx.o)
                0x00000000000009d4                Chip_Clock_DisablePLL
 .text.Chip_Clock_SetupPLL
                0x0000000000000a1c       0x5c /home/mathew/Documents/MCUXpresso_10.3.1_2233/workspace/lpc_chip_175x_6x/Debug/liblpc_chip_175x_6x.a(clock_17xx_40xx.o)
                0x0000000000000a1c                Chip_Clock_SetupPLL
 .text.Chip_Clock_EnablePeriphClock
                0x0000000000000a78       0x34 /home/mathew/Documents/MCUXpresso_10.3.1_2233/workspace/lpc_chip_175x_6x/Debug/liblpc_chip_175x_6x.a(clock_17xx_40xx.o)
                0x0000000000000a78                Chip_Clock_EnablePeriphClock
 .text.Chip_Clock_GetCPUClockSource
                0x0000000000000aac       0x24 /home/mathew/Documents/MCUXpresso_10.3.1_2233/workspace/lpc_chip_175x_6x/Debug/liblpc_chip_175x_6x.a(clock_17xx_40xx.o)
                0x0000000000000aac                Chip_Clock_GetCPUClockSource
 .text.Chip_Clock_SetCPUClockDiv
                0x0000000000000ad0       0x20 /home/mathew/Documents/MCUXpresso_10.3.1_2233/workspace/lpc_chip_175x_6x/Debug/liblpc_chip_175x_6x.a(clock_17xx_40xx.o)
                0x0000000000000ad0                Chip_Clock_SetCPUClockDiv
 .text.Chip_Clock_GetCPUClockDiv
                0x0000000000000af0       0x1c /home/mathew/Documents/MCUXpresso_10.3.1_2233/workspace/lpc_chip_175x_6x/Debug/liblpc_chip_175x_6x.a(clock_17xx_40xx.o)
                0x0000000000000af0                Chip_Clock_GetCPUClockDiv
 .text.Chip_Clock_GetPCLKDiv
                0x0000000000000b0c       0x8c /home/mathew/Documents/MCUXpresso_10.3.1_2233/workspace/lpc_chip_175x_6x/Debug/liblpc_chip_175x_6x.a(clock_17xx_40xx.o)
                0x0000000000000b0c                Chip_Clock_GetPCLKDiv
 .text.Chip_Clock_GetSYSCLKRate
                0x0000000000000b98       0x34 /home/mathew/Documents/MCUXpresso_10.3.1_2233/workspace/lpc_chip_175x_6x/Debug/liblpc_chip_175x_6x.a(clock_17xx_40xx.o)
                0x0000000000000b98                Chip_Clock_GetSYSCLKRate
 .text.Chip_Clock_GetMainPLLOutClockRate
                0x0000000000000bcc       0x54 /home/mathew/Documents/MCUXpresso_10.3.1_2233/workspace/lpc_chip_175x_6x/Debug/liblpc_chip_175x_6x.a(clock_17xx_40xx.o)
                0x0000000000000bcc                Chip_Clock_GetMainPLLOutClockRate
 .text.Chip_Clock_GetMainClockRate
                0x0000000000000c20       0x28 /home/mathew/Documents/MCUXpresso_10.3.1_2233/workspace/lpc_chip_175x_6x/Debug/liblpc_chip_175x_6x.a(clock_17xx_40xx.o)
                0x0000000000000c20                Chip_Clock_GetMainClockRate
 .text.Chip_Clock_GetSystemClockRate
                0x0000000000000c48       0x18 /home/mathew/Documents/MCUXpresso_10.3.1_2233/workspace/lpc_chip_175x_6x/Debug/liblpc_chip_175x_6x.a(clock_17xx_40xx.o)
                0x0000000000000c48                Chip_Clock_GetSystemClockRate
 .text.Chip_Clock_GetPeripheralClockRate
                0x0000000000000c60       0x26 /home/mathew/Documents/MCUXpresso_10.3.1_2233/workspace/lpc_chip_175x_6x/Debug/liblpc_chip_175x_6x.a(clock_17xx_40xx.o)
                0x0000000000000c60                Chip_Clock_GetPeripheralClockRate
 .text.Chip_IOCON_PinMuxSet
                0x0000000000000c86       0x36 /home/mathew/Documents/MCUXpresso_10.3.1_2233/workspace/lpc_chip_175x_6x/Debug/liblpc_chip_175x_6x.a(iocon_17xx_40xx.o)
                0x0000000000000c86                Chip_IOCON_PinMuxSet
 .text.Chip_IOCON_PinMux
                0x0000000000000cbc       0x94 /home/mathew/Documents/MCUXpresso_10.3.1_2233/workspace/lpc_chip_175x_6x/Debug/liblpc_chip_175x_6x.a(iocon_17xx_40xx.o)
                0x0000000000000cbc                Chip_IOCON_PinMux
 .text.Chip_IOCON_SetPinMuxing
                0x0000000000000d50       0x62 /home/mathew/Documents/MCUXpresso_10.3.1_2233/workspace/lpc_chip_175x_6x/Debug/liblpc_chip_175x_6x.a(iocon_17xx_40xx.o)
                0x0000000000000d50                Chip_IOCON_SetPinMuxing
 *fill*         0x0000000000000db2        0x2 ff
 .text.Chip_Clock_IsMainPLLEnabled
                0x0000000000000db4       0x24 /home/mathew/Documents/MCUXpresso_10.3.1_2233/workspace/lpc_chip_175x_6x/Debug/liblpc_chip_175x_6x.a(sysinit_17xx_40xx.o)
 .text.Chip_Clock_IsMainPLLLocked
                0x0000000000000dd8       0x24 /home/mathew/Documents/MCUXpresso_10.3.1_2233/workspace/lpc_chip_175x_6x/Debug/liblpc_chip_175x_6x.a(sysinit_17xx_40xx.o)
 .text.Chip_Clock_IsMainPLLConnected
                0x0000000000000dfc       0x24 /home/mathew/Documents/MCUXpresso_10.3.1_2233/workspace/lpc_chip_175x_6x/Debug/liblpc_chip_175x_6x.a(sysinit_17xx_40xx.o)
 .text.Chip_Clock_EnableCrystal
                0x0000000000000e20       0x20 /home/mathew/Documents/MCUXpresso_10.3.1_2233/workspace/lpc_chip_175x_6x/Debug/liblpc_chip_175x_6x.a(sysinit_17xx_40xx.o)
 .text.Chip_Clock_IsCrystalEnabled
                0x0000000000000e40       0x24 /home/mathew/Documents/MCUXpresso_10.3.1_2233/workspace/lpc_chip_175x_6x/Debug/liblpc_chip_175x_6x.a(sysinit_17xx_40xx.o)
 .text.Chip_Clock_SetMainPLLSource
                0x0000000000000e64       0x20 /home/mathew/Documents/MCUXpresso_10.3.1_2233/workspace/lpc_chip_175x_6x/Debug/liblpc_chip_175x_6x.a(sysinit_17xx_40xx.o)
 .text.Chip_SetupXtalClocking
                0x0000000000000e84       0x90 /home/mathew/Documents/MCUXpresso_10.3.1_2233/workspace/lpc_chip_175x_6x/Debug/liblpc_chip_175x_6x.a(sysinit_17xx_40xx.o)
                0x0000000000000e84                Chip_SetupXtalClocking
 .text.Chip_UART_SetupFIFOS
                0x0000000000000f14       0x1a /home/mathew/Documents/MCUXpresso_10.3.1_2233/workspace/lpc_chip_175x_6x/Debug/liblpc_chip_175x_6x.a(uart_17xx_40xx.o)
 .text.Chip_UART_ConfigData
                0x0000000000000f2e       0x1a /home/mathew/Documents/MCUXpresso_10.3.1_2233/workspace/lpc_chip_175x_6x/Debug/liblpc_chip_175x_6x.a(uart_17xx_40xx.o)
 .text.Chip_UART_EnableDivisorAccess
                0x0000000000000f48       0x1e /home/mathew/Documents/MCUXpresso_10.3.1_2233/workspace/lpc_chip_175x_6x/Debug/liblpc_chip_175x_6x.a(uart_17xx_40xx.o)
 .text.Chip_UART_DisableDivisorAccess
                0x0000000000000f66       0x1e /home/mathew/Documents/MCUXpresso_10.3.1_2233/workspace/lpc_chip_175x_6x/Debug/liblpc_chip_175x_6x.a(uart_17xx_40xx.o)
 .text.Chip_UART_SetDivisorLatches
                0x0000000000000f84       0x26 /home/mathew/Documents/MCUXpresso_10.3.1_2233/workspace/lpc_chip_175x_6x/Debug/liblpc_chip_175x_6x.a(uart_17xx_40xx.o)
 *fill*         0x0000000000000faa        0x2 ff
 .text.Chip_UART_GetClockIndex
                0x0000000000000fac       0x50 /home/mathew/Documents/MCUXpresso_10.3.1_2233/workspace/lpc_chip_175x_6x/Debug/liblpc_chip_175x_6x.a(uart_17xx_40xx.o)
 .text.Chip_UART_GetClkIndex
                0x0000000000000ffc       0x50 /home/mathew/Documents/MCUXpresso_10.3.1_2233/workspace/lpc_chip_175x_6x/Debug/liblpc_chip_175x_6x.a(uart_17xx_40xx.o)
 .text.Chip_UART_Init
                0x000000000000104c       0x78 /home/mathew/Documents/MCUXpresso_10.3.1_2233/workspace/lpc_chip_175x_6x/Debug/liblpc_chip_175x_6x.a(uart_17xx_40xx.o)
                0x000000000000104c                Chip_UART_Init
 .text.Chip_UART_TXEnable
                0x00000000000010c4       0x18 /home/mathew/Documents/MCUXpresso_10.3.1_2233/workspace/lpc_chip_175x_6x/Debug/liblpc_chip_175x_6x.a(uart_17xx_40xx.o)
                0x00000000000010c4                Chip_UART_TXEnable
 .text.Chip_UART_TXDisable
                0x00000000000010dc       0x18 /home/mathew/Documents/MCUXpresso_10.3.1_2233/workspace/lpc_chip_175x_6x/Debug/liblpc_chip_175x_6x.a(uart_17xx_40xx.o)
                0x00000000000010dc                Chip_UART_TXDisable
 .text.Chip_UART_SetBaud
                0x00000000000010f4       0x62 /home/mathew/Documents/MCUXpresso_10.3.1_2233/workspace/lpc_chip_175x_6x/Debug/liblpc_chip_175x_6x.a(uart_17xx_40xx.o)
                0x00000000000010f4                Chip_UART_SetBaud
 .text.__weak_main
                0x0000000000001156        0x4 /usr/local/mcuxpressoide-10.3.1_2233/ide/plugins/com.nxp.mcuxpresso.tools.linux_10.3.0.201811011841/tools/bin/../lib/gcc/arm-none-eabi/7.3.1/../../../../arm-none-eabi/lib/thumb/v7-m/libcr_c.a(__weak__main.o)
                0x0000000000001156                __main
                0x0000000000001156                __weak_main
 *(.rodata .rodata.* .constdata .constdata.*)
 *fill*         0x000000000000115a        0x2 ff
 .rodata.OscRateIn
                0x000000000000115c        0x4 /home/mathew/Documents/MCUXpresso_10.3.1_2233/workspace/lpc_board_nxp_lpcxpresso_1769/Debug/liblpc_board_nxp_lpcxpresso_1769.a(board.o)
                0x000000000000115c                OscRateIn
 .rodata.RTCOscRateIn
                0x0000000000001160        0x4 /home/mathew/Documents/MCUXpresso_10.3.1_2233/workspace/lpc_board_nxp_lpcxpresso_1769/Debug/liblpc_board_nxp_lpcxpresso_1769.a(board.o)
                0x0000000000001160                RTCOscRateIn
 .rodata.pinmuxing
                0x0000000000001164       0x5c /home/mathew/Documents/MCUXpresso_10.3.1_2233/workspace/lpc_board_nxp_lpcxpresso_1769/Debug/liblpc_board_nxp_lpcxpresso_1769.a(board_sysinit.o)
                0x00000000000011c0                . = ALIGN (0x4)

.glue_7         0x00000000000011c0        0x0
 .glue_7        0x00000000000011c0        0x0 linker stubs

.glue_7t        0x00000000000011c0        0x0
 .glue_7t       0x00000000000011c0        0x0 linker stubs

.vfp11_veneer   0x00000000000011c0        0x0
 .vfp11_veneer  0x00000000000011c0        0x0 linker stubs

.v4_bx          0x00000000000011c0        0x0
 .v4_bx         0x00000000000011c0        0x0 linker stubs

.iplt           0x00000000000011c0        0x0
 .iplt          0x00000000000011c0        0x0 ./src/Test.o

.rel.dyn        0x00000000000011c0        0x0
 .rel.iplt      0x00000000000011c0        0x0 ./src/Test.o

.ARM.extab
 *(.ARM.extab* .gnu.linkonce.armextab.*)
                0x00000000000011c0                __exidx_start = .

.ARM.exidx
 *(.ARM.exidx* .gnu.linkonce.armexidx.*)
                0x00000000000011c0                __exidx_end = .
                0x00000000000011c0                _etext = .

.data_RAM2      0x000000002007c000        0x0 load address 0x00000000000011c0
 FILL mask 0xff
                [!provide]                        PROVIDE (__start_data_RAM2 = .)
 *(.ramfunc.$RAM2)
 *(.ramfunc.$RamAHB32)
 *(.data.$RAM2*)
 *(.data.$RamAHB32*)
                0x000000002007c000                . = ALIGN (0x4)
                [!provide]                        PROVIDE (__end_data_RAM2 = .)

.uninit_RESERVED
                0x0000000010000000        0x0
 *(.bss.$RESERVED*)
                0x0000000010000000                . = ALIGN (0x4)
                0x0000000010000000                _end_uninit_RESERVED = .

.data           0x0000000010000000        0x0 load address 0x00000000000011c0
 FILL mask 0xff
                0x0000000010000000                _data = .
 *(vtable)
 *(.ramfunc*)
 *(.data*)
                0x0000000010000000                . = ALIGN (0x4)
                0x0000000010000000                _edata = .

.igot.plt       0x0000000010000000        0x0 load address 0x00000000000011c0
 .igot.plt      0x0000000010000000        0x0 ./src/Test.o

.bss_RAM2       0x000000002007c000        0x0
                [!provide]                        PROVIDE (__start_bss_RAM2 = .)
 *(.bss.$RAM2*)
 *(.bss.$RamAHB32*)
                0x000000002007c000                . = ALIGN ((. != 0x0)?0x4:0x1)
                [!provide]                        PROVIDE (__end_bss_RAM2 = .)

.bss            0x0000000010000000        0x4
                0x0000000010000000                _bss = .
 *(.bss*)
 *(COMMON)
 COMMON         0x0000000010000000        0x4 /home/mathew/Documents/MCUXpresso_10.3.1_2233/workspace/lpc_chip_175x_6x/Debug/liblpc_chip_175x_6x.a(chip_17xx_40xx.o)
                0x0000000010000000                SystemCoreClock
                0x0000000010000004                . = ALIGN (0x4)
                0x0000000010000004                _ebss = .
                [!provide]                        PROVIDE (end = .)

.noinit_RAM2    0x000000002007c000        0x0
 *(.noinit.$RAM2*)
 *(.noinit.$RamAHB32*)
                0x000000002007c000                . = ALIGN (0x4)

.noinit         0x0000000010000004        0x0
                0x0000000010000004                _noinit = .
 *(.noinit*)
                0x0000000010000004                . = ALIGN (0x4)
                0x0000000010000004                _end_noinit = .
                [!provide]                        PROVIDE (_pvHeapStart = DEFINED (__user_heap_base)?__user_heap_base:.)
                0x0000000010008000                PROVIDE (_vStackTop = DEFINED (__user_stack_top)?__user_stack_top:(__top_RamLoc32 - 0x0))
                0xffffffffefff74de                PROVIDE (__valid_user_code_checksum = (0x0 - ((((((_vStackTop + (ResetISR + 0x1)) + (NMI_Handler + 0x1)) + (HardFault_Handler + 0x1)) + (DEFINED (MemManage_Handler)?MemManage_Handler:0x0 + 0x1)) + (DEFINED (BusFault_Handler)?BusFault_Handler:0x0 + 0x1)) + (DEFINED (UsageFault_Handler)?UsageFault_Handler:0x0 + 0x1))))
                0x0000000000000000                _image_start = LOADADDR (.text)
                0x00000000000011c0                _image_end = (LOADADDR (.data) + SIZEOF (.data))
                0x00000000000011c0                _image_size = (_image_end - _image_start)
OUTPUT(Test.axf elf32-littlearm)

.debug_info     0x0000000000000000     0x4d0e
 .debug_info    0x0000000000000000      0x4da ./src/Test.o
 .debug_info    0x00000000000004da      0x255 ./src/cr_startup_lpc175x_6x.o
 .debug_info    0x000000000000072f       0x3f ./src/crp.o
 .debug_info    0x000000000000076e      0x232 ./src/sysinit.o
 .debug_info    0x00000000000009a0     0x150a /home/mathew/Documents/MCUXpresso_10.3.1_2233/workspace/lpc_board_nxp_lpcxpresso_1769/Debug/liblpc_board_nxp_lpcxpresso_1769.a(board.o)
 .debug_info    0x0000000000001eaa      0x6c3 /home/mathew/Documents/MCUXpresso_10.3.1_2233/workspace/lpc_board_nxp_lpcxpresso_1769/Debug/liblpc_board_nxp_lpcxpresso_1769.a(board_sysinit.o)
 .debug_info    0x000000000000256d      0x558 /home/mathew/Documents/MCUXpresso_10.3.1_2233/workspace/lpc_chip_175x_6x/Debug/liblpc_chip_175x_6x.a(chip_17xx_40xx.o)
 .debug_info    0x0000000000002ac5      0xba2 /home/mathew/Documents/MCUXpresso_10.3.1_2233/workspace/lpc_chip_175x_6x/Debug/liblpc_chip_175x_6x.a(clock_17xx_40xx.o)
 .debug_info    0x0000000000003667      0x31e /home/mathew/Documents/MCUXpresso_10.3.1_2233/workspace/lpc_chip_175x_6x/Debug/liblpc_chip_175x_6x.a(iocon_17xx_40xx.o)
 .debug_info    0x0000000000003985      0x474 /home/mathew/Documents/MCUXpresso_10.3.1_2233/workspace/lpc_chip_175x_6x/Debug/liblpc_chip_175x_6x.a(sysinit_17xx_40xx.o)
 .debug_info    0x0000000000003df9      0xf15 /home/mathew/Documents/MCUXpresso_10.3.1_2233/workspace/lpc_chip_175x_6x/Debug/liblpc_chip_175x_6x.a(uart_17xx_40xx.o)

.debug_abbrev   0x0000000000000000     0x133b
 .debug_abbrev  0x0000000000000000      0x188 ./src/Test.o
 .debug_abbrev  0x0000000000000188      0x114 ./src/cr_startup_lpc175x_6x.o
 .debug_abbrev  0x000000000000029c       0x36 ./src/crp.o
 .debug_abbrev  0x00000000000002d2       0xdd ./src/sysinit.o
 .debug_abbrev  0x00000000000003af      0x3c8 /home/mathew/Documents/MCUXpresso_10.3.1_2233/workspace/lpc_board_nxp_lpcxpresso_1769/Debug/liblpc_board_nxp_lpcxpresso_1769.a(board.o)
 .debug_abbrev  0x0000000000000777      0x180 /home/mathew/Documents/MCUXpresso_10.3.1_2233/workspace/lpc_board_nxp_lpcxpresso_1769/Debug/liblpc_board_nxp_lpcxpresso_1769.a(board_sysinit.o)
 .debug_abbrev  0x00000000000008f7      0x151 /home/mathew/Documents/MCUXpresso_10.3.1_2233/workspace/lpc_chip_175x_6x/Debug/liblpc_chip_175x_6x.a(chip_17xx_40xx.o)
 .debug_abbrev  0x0000000000000a48      0x309 /home/mathew/Documents/MCUXpresso_10.3.1_2233/workspace/lpc_chip_175x_6x/Debug/liblpc_chip_175x_6x.a(clock_17xx_40xx.o)
 .debug_abbrev  0x0000000000000d51      0x14a /home/mathew/Documents/MCUXpresso_10.3.1_2233/workspace/lpc_chip_175x_6x/Debug/liblpc_chip_175x_6x.a(iocon_17xx_40xx.o)
 .debug_abbrev  0x0000000000000e9b      0x18e /home/mathew/Documents/MCUXpresso_10.3.1_2233/workspace/lpc_chip_175x_6x/Debug/liblpc_chip_175x_6x.a(sysinit_17xx_40xx.o)
 .debug_abbrev  0x0000000000001029      0x312 /home/mathew/Documents/MCUXpresso_10.3.1_2233/workspace/lpc_chip_175x_6x/Debug/liblpc_chip_175x_6x.a(uart_17xx_40xx.o)

.debug_aranges  0x0000000000000000      0x5c8
 .debug_aranges
                0x0000000000000000       0x68 ./src/Test.o
 .debug_aranges
                0x0000000000000068       0x80 ./src/cr_startup_lpc175x_6x.o
 .debug_aranges
                0x00000000000000e8       0x18 ./src/crp.o
 .debug_aranges
                0x0000000000000100       0x20 ./src/sysinit.o
 .debug_aranges
                0x0000000000000120      0x160 /home/mathew/Documents/MCUXpresso_10.3.1_2233/workspace/lpc_board_nxp_lpcxpresso_1769/Debug/liblpc_board_nxp_lpcxpresso_1769.a(board.o)
 .debug_aranges
                0x0000000000000280       0x38 /home/mathew/Documents/MCUXpresso_10.3.1_2233/workspace/lpc_board_nxp_lpcxpresso_1769/Debug/liblpc_board_nxp_lpcxpresso_1769.a(board_sysinit.o)
 .debug_aranges
                0x00000000000002b8       0x38 /home/mathew/Documents/MCUXpresso_10.3.1_2233/workspace/lpc_chip_175x_6x/Debug/liblpc_chip_175x_6x.a(chip_17xx_40xx.o)
 .debug_aranges
                0x00000000000002f0      0x120 /home/mathew/Documents/MCUXpresso_10.3.1_2233/workspace/lpc_chip_175x_6x/Debug/liblpc_chip_175x_6x.a(clock_17xx_40xx.o)
 .debug_aranges
                0x0000000000000410       0x30 /home/mathew/Documents/MCUXpresso_10.3.1_2233/workspace/lpc_chip_175x_6x/Debug/liblpc_chip_175x_6x.a(iocon_17xx_40xx.o)
 .debug_aranges
                0x0000000000000440       0x60 /home/mathew/Documents/MCUXpresso_10.3.1_2233/workspace/lpc_chip_175x_6x/Debug/liblpc_chip_175x_6x.a(sysinit_17xx_40xx.o)
 .debug_aranges
                0x00000000000004a0      0x128 /home/mathew/Documents/MCUXpresso_10.3.1_2233/workspace/lpc_chip_175x_6x/Debug/liblpc_chip_175x_6x.a(uart_17xx_40xx.o)

.debug_ranges   0x0000000000000000      0x510
 .debug_ranges  0x0000000000000000       0x58 ./src/Test.o
 .debug_ranges  0x0000000000000058       0x70 ./src/cr_startup_lpc175x_6x.o
 .debug_ranges  0x00000000000000c8       0x10 ./src/sysinit.o
 .debug_ranges  0x00000000000000d8      0x150 /home/mathew/Documents/MCUXpresso_10.3.1_2233/workspace/lpc_board_nxp_lpcxpresso_1769/Debug/liblpc_board_nxp_lpcxpresso_1769.a(board.o)
 .debug_ranges  0x0000000000000228       0x28 /home/mathew/Documents/MCUXpresso_10.3.1_2233/workspace/lpc_board_nxp_lpcxpresso_1769/Debug/liblpc_board_nxp_lpcxpresso_1769.a(board_sysinit.o)
 .debug_ranges  0x0000000000000250       0x28 /home/mathew/Documents/MCUXpresso_10.3.1_2233/workspace/lpc_chip_175x_6x/Debug/liblpc_chip_175x_6x.a(chip_17xx_40xx.o)
 .debug_ranges  0x0000000000000278      0x110 /home/mathew/Documents/MCUXpresso_10.3.1_2233/workspace/lpc_chip_175x_6x/Debug/liblpc_chip_175x_6x.a(clock_17xx_40xx.o)
 .debug_ranges  0x0000000000000388       0x20 /home/mathew/Documents/MCUXpresso_10.3.1_2233/workspace/lpc_chip_175x_6x/Debug/liblpc_chip_175x_6x.a(iocon_17xx_40xx.o)
 .debug_ranges  0x00000000000003a8       0x50 /home/mathew/Documents/MCUXpresso_10.3.1_2233/workspace/lpc_chip_175x_6x/Debug/liblpc_chip_175x_6x.a(sysinit_17xx_40xx.o)
 .debug_ranges  0x00000000000003f8      0x118 /home/mathew/Documents/MCUXpresso_10.3.1_2233/workspace/lpc_chip_175x_6x/Debug/liblpc_chip_175x_6x.a(uart_17xx_40xx.o)

.debug_macro    0x0000000000000000     0x5791
 .debug_macro   0x0000000000000000      0x220 ./src/Test.o
 .debug_macro   0x0000000000000220      0xa6c ./src/Test.o
 .debug_macro   0x0000000000000c8c       0x10 ./src/Test.o
 .debug_macro   0x0000000000000c9c      0x12d ./src/Test.o
 .debug_macro   0x0000000000000dc9      0x5b2 ./src/Test.o
 .debug_macro   0x000000000000137b       0x22 ./src/Test.o
 .debug_macro   0x000000000000139d       0x7b ./src/Test.o
 .debug_macro   0x0000000000001418       0x10 ./src/Test.o
 .debug_macro   0x0000000000001428       0x2d ./src/Test.o
 .debug_macro   0x0000000000001455       0x3a ./src/Test.o
 .debug_macro   0x000000000000148f       0x2d ./src/Test.o
 .debug_macro   0x00000000000014bc      0xbb1 ./src/Test.o
 .debug_macro   0x000000000000206d      0x22c ./src/Test.o
 .debug_macro   0x0000000000002299       0x42 ./src/Test.o
 .debug_macro   0x00000000000022db       0x52 ./src/Test.o
 .debug_macro   0x000000000000232d       0x78 ./src/Test.o
 .debug_macro   0x00000000000023a5       0x82 ./src/Test.o
 .debug_macro   0x0000000000002427      0x48c ./src/Test.o
 .debug_macro   0x00000000000028b3       0x34 ./src/Test.o
 .debug_macro   0x00000000000028e7      0x4c5 ./src/Test.o
 .debug_macro   0x0000000000002dac      0x1b7 ./src/Test.o
 .debug_macro   0x0000000000002f63       0x10 ./src/Test.o
 .debug_macro   0x0000000000002f73      0x21b ./src/Test.o
 .debug_macro   0x000000000000318e      0x1b9 ./src/Test.o
 .debug_macro   0x0000000000003347       0x40 ./src/Test.o
 .debug_macro   0x0000000000003387       0x22 ./src/Test.o
 .debug_macro   0x00000000000033a9      0x162 ./src/Test.o
 .debug_macro   0x000000000000350b       0x94 ./src/Test.o
 .debug_macro   0x000000000000359f       0xb8 ./src/Test.o
 .debug_macro   0x0000000000003657       0x4c ./src/Test.o
 .debug_macro   0x00000000000036a3       0x16 ./src/Test.o
 .debug_macro   0x00000000000036b9      0x328 ./src/Test.o
 .debug_macro   0x00000000000039e1       0x49 ./src/Test.o
 .debug_macro   0x0000000000003a2a       0x16 ./src/Test.o
 .debug_macro   0x0000000000003a40       0xca ./src/Test.o
 .debug_macro   0x0000000000003b0a       0x18 ./src/Test.o
 .debug_macro   0x0000000000003b22       0x70 ./src/Test.o
 .debug_macro   0x0000000000003b92       0x9a ./src/Test.o
 .debug_macro   0x0000000000003c2c       0x20 ./src/Test.o
 .debug_macro   0x0000000000003c4c       0x28 ./src/Test.o
 .debug_macro   0x0000000000003c74       0x82 ./src/Test.o
 .debug_macro   0x0000000000003cf6       0x1d ./src/cr_startup_lpc175x_6x.o
 .debug_macro   0x0000000000003d13       0x1a ./src/crp.o
 .debug_macro   0x0000000000003d2d       0x34 ./src/crp.o
 .debug_macro   0x0000000000003d61      0x217 ./src/sysinit.o
 .debug_macro   0x0000000000003f78      0x289 /home/mathew/Documents/MCUXpresso_10.3.1_2233/workspace/lpc_board_nxp_lpcxpresso_1769/Debug/liblpc_board_nxp_lpcxpresso_1769.a(board.o)
 .debug_macro   0x0000000000004201      0xa66 /home/mathew/Documents/MCUXpresso_10.3.1_2233/workspace/lpc_board_nxp_lpcxpresso_1769/Debug/liblpc_board_nxp_lpcxpresso_1769.a(board.o)
 .debug_macro   0x0000000000004c67       0x12 /home/mathew/Documents/MCUXpresso_10.3.1_2233/workspace/lpc_board_nxp_lpcxpresso_1769/Debug/liblpc_board_nxp_lpcxpresso_1769.a(board.o)
 .debug_macro   0x0000000000004c79      0x217 /home/mathew/Documents/MCUXpresso_10.3.1_2233/workspace/lpc_board_nxp_lpcxpresso_1769/Debug/liblpc_board_nxp_lpcxpresso_1769.a(board_sysinit.o)
 .debug_macro   0x0000000000004e90      0x1cd /home/mathew/Documents/MCUXpresso_10.3.1_2233/workspace/lpc_chip_175x_6x/Debug/liblpc_chip_175x_6x.a(chip_17xx_40xx.o)
 .debug_macro   0x000000000000505d      0x1cd /home/mathew/Documents/MCUXpresso_10.3.1_2233/workspace/lpc_chip_175x_6x/Debug/liblpc_chip_175x_6x.a(clock_17xx_40xx.o)
 .debug_macro   0x000000000000522a      0x1cd /home/mathew/Documents/MCUXpresso_10.3.1_2233/workspace/lpc_chip_175x_6x/Debug/liblpc_chip_175x_6x.a(iocon_17xx_40xx.o)
 .debug_macro   0x00000000000053f7      0x1cd /home/mathew/Documents/MCUXpresso_10.3.1_2233/workspace/lpc_chip_175x_6x/Debug/liblpc_chip_175x_6x.a(sysinit_17xx_40xx.o)
 .debug_macro   0x00000000000055c4      0x1cd /home/mathew/Documents/MCUXpresso_10.3.1_2233/workspace/lpc_chip_175x_6x/Debug/liblpc_chip_175x_6x.a(uart_17xx_40xx.o)

.debug_line     0x0000000000000000     0x39ee
 .debug_line    0x0000000000000000      0x718 ./src/Test.o
 .debug_line    0x0000000000000718       0xd3 ./src/cr_startup_lpc175x_6x.o
 .debug_line    0x00000000000007eb       0xb5 ./src/crp.o
 .debug_line    0x00000000000008a0      0x50f ./src/sysinit.o
 .debug_line    0x0000000000000daf      0x8ca /home/mathew/Documents/MCUXpresso_10.3.1_2233/workspace/lpc_board_nxp_lpcxpresso_1769/Debug/liblpc_board_nxp_lpcxpresso_1769.a(board.o)
 .debug_line    0x0000000000001679      0x54f /home/mathew/Documents/MCUXpresso_10.3.1_2233/workspace/lpc_board_nxp_lpcxpresso_1769/Debug/liblpc_board_nxp_lpcxpresso_1769.a(board_sysinit.o)
 .debug_line    0x0000000000001bc8      0x4d3 /home/mathew/Documents/MCUXpresso_10.3.1_2233/workspace/lpc_chip_175x_6x/Debug/liblpc_chip_175x_6x.a(chip_17xx_40xx.o)
 .debug_line    0x000000000000209b      0x74f /home/mathew/Documents/MCUXpresso_10.3.1_2233/workspace/lpc_chip_175x_6x/Debug/liblpc_chip_175x_6x.a(clock_17xx_40xx.o)
 .debug_line    0x00000000000027ea      0x4bf /home/mathew/Documents/MCUXpresso_10.3.1_2233/workspace/lpc_chip_175x_6x/Debug/liblpc_chip_175x_6x.a(iocon_17xx_40xx.o)
 .debug_line    0x0000000000002ca9      0x549 /home/mathew/Documents/MCUXpresso_10.3.1_2233/workspace/lpc_chip_175x_6x/Debug/liblpc_chip_175x_6x.a(sysinit_17xx_40xx.o)
 .debug_line    0x00000000000031f2      0x7fc /home/mathew/Documents/MCUXpresso_10.3.1_2233/workspace/lpc_chip_175x_6x/Debug/liblpc_chip_175x_6x.a(uart_17xx_40xx.o)

.debug_str      0x0000000000000000    0x138b8
 .debug_str     0x0000000000000000    0x116c2 ./src/Test.o
                                      0x117a5 (size before relaxing)
 .debug_str     0x00000000000116c2      0x1d6 ./src/cr_startup_lpc175x_6x.o
                                       0x2ecf (size before relaxing)
 .debug_str     0x0000000000011898       0xe9 ./src/crp.o
                                       0x2ddc (size before relaxing)
 .debug_str     0x0000000000011981       0x1b ./src/sysinit.o
                                      0x112b1 (size before relaxing)
 .debug_str     0x000000000001199c      0xed9 /home/mathew/Documents/MCUXpresso_10.3.1_2233/workspace/lpc_board_nxp_lpcxpresso_1769/Debug/liblpc_board_nxp_lpcxpresso_1769.a(board.o)
                                      0x1217e (size before relaxing)
 .debug_str     0x0000000000012875      0x22d /home/mathew/Documents/MCUXpresso_10.3.1_2233/workspace/lpc_board_nxp_lpcxpresso_1769/Debug/liblpc_board_nxp_lpcxpresso_1769.a(board_sysinit.o)
                                      0x116b8 (size before relaxing)
 .debug_str     0x0000000000012aa2       0xc2 /home/mathew/Documents/MCUXpresso_10.3.1_2233/workspace/lpc_chip_175x_6x/Debug/liblpc_chip_175x_6x.a(chip_17xx_40xx.o)
                                      0x11308 (size before relaxing)
 .debug_str     0x0000000000012b64      0x857 /home/mathew/Documents/MCUXpresso_10.3.1_2233/workspace/lpc_chip_175x_6x/Debug/liblpc_chip_175x_6x.a(clock_17xx_40xx.o)
                                      0x11986 (size before relaxing)
 .debug_str     0x00000000000133bb       0x79 /home/mathew/Documents/MCUXpresso_10.3.1_2233/workspace/lpc_chip_175x_6x/Debug/liblpc_chip_175x_6x.a(iocon_17xx_40xx.o)
                                      0x10e03 (size before relaxing)
 .debug_str     0x0000000000013434       0xc4 /home/mathew/Documents/MCUXpresso_10.3.1_2233/workspace/lpc_chip_175x_6x/Debug/liblpc_chip_175x_6x.a(sysinit_17xx_40xx.o)
                                      0x10feb (size before relaxing)
 .debug_str     0x00000000000134f8      0x3c0 /home/mathew/Documents/MCUXpresso_10.3.1_2233/workspace/lpc_chip_175x_6x/Debug/liblpc_chip_175x_6x.a(uart_17xx_40xx.o)
                                      0x1185b (size before relaxing)

.comment        0x0000000000000000       0x7f
 .comment       0x0000000000000000       0x7f ./src/Test.o
                                         0x80 (size before relaxing)
 .comment       0x000000000000007f       0x80 ./src/cr_startup_lpc175x_6x.o
 .comment       0x000000000000007f       0x80 ./src/crp.o
 .comment       0x000000000000007f       0x80 ./src/sysinit.o
 .comment       0x000000000000007f       0x80 /home/mathew/Documents/MCUXpresso_10.3.1_2233/workspace/lpc_board_nxp_lpcxpresso_1769/Debug/liblpc_board_nxp_lpcxpresso_1769.a(board.o)
 .comment       0x000000000000007f       0x80 /home/mathew/Documents/MCUXpresso_10.3.1_2233/workspace/lpc_board_nxp_lpcxpresso_1769/Debug/liblpc_board_nxp_lpcxpresso_1769.a(board_sysinit.o)
 .comment       0x000000000000007f       0x80 /home/mathew/Documents/MCUXpresso_10.3.1_2233/workspace/lpc_chip_175x_6x/Debug/liblpc_chip_175x_6x.a(chip_17xx_40xx.o)
 .comment       0x000000000000007f       0x80 /home/mathew/Documents/MCUXpresso_10.3.1_2233/workspace/lpc_chip_175x_6x/Debug/liblpc_chip_175x_6x.a(clock_17xx_40xx.o)
 .comment       0x000000000000007f       0x80 /home/mathew/Documents/MCUXpresso_10.3.1_2233/workspace/lpc_chip_175x_6x/Debug/liblpc_chip_175x_6x.a(iocon_17xx_40xx.o)
 .comment       0x000000000000007f       0x80 /home/mathew/Documents/MCUXpresso_10.3.1_2233/workspace/lpc_chip_175x_6x/Debug/liblpc_chip_175x_6x.a(sysinit_17xx_40xx.o)
 .comment       0x000000000000007f       0x80 /home/mathew/Documents/MCUXpresso_10.3.1_2233/workspace/lpc_chip_175x_6x/Debug/liblpc_chip_175x_6x.a(uart_17xx_40xx.o)
 .comment       0x000000000000007f       0x80 /usr/local/mcuxpressoide-10.3.1_2233/ide/plugins/com.nxp.mcuxpresso.tools.linux_10.3.0.201811011841/tools/bin/../lib/gcc/arm-none-eabi/7.3.1/../../../../arm-none-eabi/lib/thumb/v7-m/libcr_c.a(__weak__main.o)

.ARM.attributes
                0x0000000000000000       0x31
 .ARM.attributes
                0x0000000000000000       0x33 ./src/Test.o
 .ARM.attributes
                0x0000000000000033       0x33 ./src/cr_startup_lpc175x_6x.o
 .ARM.attributes
                0x0000000000000066       0x33 ./src/crp.o
 .ARM.attributes
                0x0000000000000099       0x33 ./src/sysinit.o
 .ARM.attributes
                0x00000000000000cc       0x33 /home/mathew/Documents/MCUXpresso_10.3.1_2233/workspace/lpc_board_nxp_lpcxpresso_1769/Debug/liblpc_board_nxp_lpcxpresso_1769.a(board.o)
 .ARM.attributes
                0x00000000000000ff       0x33 /home/mathew/Documents/MCUXpresso_10.3.1_2233/workspace/lpc_board_nxp_lpcxpresso_1769/Debug/liblpc_board_nxp_lpcxpresso_1769.a(board_sysinit.o)
 .ARM.attributes
                0x0000000000000132       0x33 /home/mathew/Documents/MCUXpresso_10.3.1_2233/workspace/lpc_chip_175x_6x/Debug/liblpc_chip_175x_6x.a(chip_17xx_40xx.o)
 .ARM.attributes
                0x0000000000000165       0x33 /home/mathew/Documents/MCUXpresso_10.3.1_2233/workspace/lpc_chip_175x_6x/Debug/liblpc_chip_175x_6x.a(clock_17xx_40xx.o)
 .ARM.attributes
                0x0000000000000198       0x33 /home/mathew/Documents/MCUXpresso_10.3.1_2233/workspace/lpc_chip_175x_6x/Debug/liblpc_chip_175x_6x.a(iocon_17xx_40xx.o)
 .ARM.attributes
                0x00000000000001cb       0x33 /home/mathew/Documents/MCUXpresso_10.3.1_2233/workspace/lpc_chip_175x_6x/Debug/liblpc_chip_175x_6x.a(sysinit_17xx_40xx.o)
 .ARM.attributes
                0x00000000000001fe       0x33 /home/mathew/Documents/MCUXpresso_10.3.1_2233/workspace/lpc_chip_175x_6x/Debug/liblpc_chip_175x_6x.a(uart_17xx_40xx.o)
 .ARM.attributes
                0x0000000000000231       0x33 /usr/local/mcuxpressoide-10.3.1_2233/ide/plugins/com.nxp.mcuxpresso.tools.linux_10.3.0.201811011841/tools/bin/../lib/gcc/arm-none-eabi/7.3.1/../../../../arm-none-eabi/lib/thumb/v7-m/libcr_c.a(__weak__main.o)

.debug_frame    0x0000000000000000     0x1580
 .debug_frame   0x0000000000000000      0x188 ./src/Test.o
 .debug_frame   0x0000000000000188      0x170 ./src/cr_startup_lpc175x_6x.o
 .debug_frame   0x00000000000002f8       0x34 ./src/sysinit.o
 .debug_frame   0x000000000000032c      0x5d4 /home/mathew/Documents/MCUXpresso_10.3.1_2233/workspace/lpc_board_nxp_lpcxpresso_1769/Debug/liblpc_board_nxp_lpcxpresso_1769.a(board.o)
 .debug_frame   0x0000000000000900       0x8c /home/mathew/Documents/MCUXpresso_10.3.1_2233/workspace/lpc_board_nxp_lpcxpresso_1769/Debug/liblpc_board_nxp_lpcxpresso_1769.a(board_sysinit.o)
 .debug_frame   0x000000000000098c       0x88 /home/mathew/Documents/MCUXpresso_10.3.1_2233/workspace/lpc_chip_175x_6x/Debug/liblpc_chip_175x_6x.a(chip_17xx_40xx.o)
 .debug_frame   0x0000000000000a14      0x490 /home/mathew/Documents/MCUXpresso_10.3.1_2233/workspace/lpc_chip_175x_6x/Debug/liblpc_chip_175x_6x.a(clock_17xx_40xx.o)
 .debug_frame   0x0000000000000ea4       0x80 /home/mathew/Documents/MCUXpresso_10.3.1_2233/workspace/lpc_chip_175x_6x/Debug/liblpc_chip_175x_6x.a(iocon_17xx_40xx.o)
 .debug_frame   0x0000000000000f24      0x12c /home/mathew/Documents/MCUXpresso_10.3.1_2233/workspace/lpc_chip_175x_6x/Debug/liblpc_chip_175x_6x.a(sysinit_17xx_40xx.o)
 .debug_frame   0x0000000000001050      0x530 /home/mathew/Documents/MCUXpresso_10.3.1_2233/workspace/lpc_chip_175x_6x/Debug/liblpc_chip_175x_6x.a(uart_17xx_40xx.o)
